Microchip MPLAB XC8 Compiler V2.05 ()

Linker command line:

-W-3 --edf=C:\Program Files (x86)\Microchip\xc8\v2.05\pic\dat\en_msgs.txt \
  -cs -h+dist/default/production\PickitPIC16Experiments.X.production.sym \
  --cmf=dist/default/production\PickitPIC16Experiments.X.production.cmf -z \
  -Q16F1829 -oC:\Users\rohit\AppData\Local\Temp\s9f0.2 \
  --defsym=__MPLAB_BUILD=1 \
  -Mdist/default/production/PickitPIC16Experiments.X.production.map -E1 \
  -ver=XC8 --acfsm=1493 -ASTACK=02070h-022EFh -pstack=STACK \
  -ACODE=00h-07FFhx4 -ASTRCODE=00h-01FFFh -ASTRING=00h-0FFhx32 \
  -ACONST=00h-0FFhx32 -AENTRY=00h-0FFhx32 -ACOMMON=070h-07Fh \
  -ABANK0=020h-06Fh -ABANK1=0A0h-0EFh -ABANK2=0120h-016Fh \
  -ABANK3=01A0h-01EFh -ABANK4=0220h-026Fh -ABANK5=02A0h-02EFh \
  -ABANK6=0320h-036Fh -ABANK7=03A0h-03EFh -ABANK8=0420h-046Fh \
  -ABANK9=04A0h-04EFh -ABANK10=0520h-056Fh -ABANK11=05A0h-05EFh \
  -ABANK12=0620h-064Fh -ABIGRAM=02000h-023EFh \
  -ARAM=020h-06Fh,0A0h-0EFh,0120h-016Fh,01A0h-01EFh,0220h-026Fh,02A0h-02EFh,0320h-036Fh,03A0h-03EFh,0420h-046Fh,04A0h-04EFh,0520h-056Fh,05A0h-05EFh,0620h-064Fh \
  -AABS1=020h-07Fh,0A0h-0EFh,0120h-016Fh,01A0h-01EFh,0220h-026Fh,02A0h-02EFh,0320h-036Fh,03A0h-03EFh,0420h-046Fh,04A0h-04EFh,0520h-056Fh,05A0h-05EFh,0620h-064Fh \
  -ASFR0=00h-01Fh -ASFR1=080h-09Fh -ASFR2=0100h-011Fh -ASFR3=0180h-019Fh \
  -ASFR4=0200h-021Fh -ASFR5=0280h-029Fh -ASFR6=0300h-031Fh \
  -ASFR7=0380h-039Fh -ASFR8=0400h-041Fh -ASFR9=0480h-049Fh \
  -ASFR10=0500h-051Fh -ASFR11=0580h-059Fh -ASFR12=0600h-061Fh \
  -ASFR13=0680h-06EFh -ASFR14=0700h-076Fh -ASFR15=0780h-07EFh \
  -ASFR16=0800h-086Fh -ASFR17=0880h-08EFh -ASFR18=0900h-096Fh \
  -ASFR19=0980h-09EFh -ASFR20=0A00h-0A6Fh -ASFR21=0A80h-0AEFh \
  -ASFR22=0B00h-0B6Fh -ASFR23=0B80h-0BEFh -ASFR24=0C00h-0C6Fh \
  -ASFR25=0C80h-0CEFh -ASFR26=0D00h-0D6Fh -ASFR27=0D80h-0DEFh \
  -ASFR28=0E00h-0E6Fh -ASFR29=0E80h-0EEFh -ASFR30=0F00h-0F6Fh \
  -ASFR31=0F80h-0FEFh -preset_vec=00h,intentry=04h,init,end_init \
  -ppowerup=CODE -pcinit=CODE -pfunctab=ENTRY -ACONFIG=08007h-08008h \
  -pconfig=CONFIG -DCONFIG=2 -AIDLOC=08000h-08003h -pidloc=IDLOC -DIDLOC=2 \
  -AEEDATA=00h-0FFh/0F000h -peeprom_data=EEDATA -DEEDATA=2 -DCODE=2 \
  -DSTRCODE=2 -DSTRING=2 -DCONST=2 -DENTRY=2 -k \
  C:\Users\rohit\AppData\Local\Temp\s9f0.o \
  dist/default/production\PickitPIC16Experiments.X.production.o 

Object code version is 3.11

Machine type is 16F1829



                Name                               Link     Load   Length Selector   Space Scale
C:\Users\rohit\AppData\Local\Temp\s9f0.o
                end_init                             2E       2E        2        8       0
                reset_vec                             0        0        2        0       0
                config                             8007     8007        2    1000E       0
dist/default/production\PickitPIC16Experiments.X.production.o
                cinit                                30       30       28        8       0
                intentry                              4        4       2A        8       0
                text16                              29B      29B        9      524       0
                text15                              171      171       39        8       0
                text13                              2B2      2B2        6      558       0
                text12                              226      226       15      39E       0
                text11                               58       58       90        8       0
                text10                              211      211       15      39E       0
                text9                               2C4      2C4        4      558       0
                text8                               24E      24E       12      49C       0
                text7                               2C0      2C0        4      558       0
                text6                               292      292        9      524       0
                text5                               1F3      1F3       1E      39E       0
                text4                                E8       E8       89        8       0
                text3                               2BC      2BC        4      558       0
                text2                               2AC      2AC        6      558       0
                text1                               2B8      2B8        4      558       0
                maintext                            1CF      1CF       24      39E       0
                cstackBANK0                          20       20       26       20       1
                cstackCOMMON                         70       70        6       70       1
                clrtext                             27D      27D        C      4FA       0
                bssBANK1                             A0       A0       20       A0       1
                bssBANK0                             46       46       14       20       1
                bssCOMMON                            76       76        4       70       1
                stringtext6                         2A4      2A4        8      548       0
                stringtext5                         289      289        9      512       0
                stringtext4                         26F      26F        E      4C0       0
                stringtext3                         260      260        F      4C0       0
                stringtext2                         23B      23B       13      476       0
                stringtext1                         1AA      1AA       25      354       0

TOTAL           Name                               Link     Load   Length     Space
        CLASS   STACK          

        CLASS   CODE           
                end_init                             2E       2E        2         0
                cinit                                30       30       28         0
                intentry                              4        4       2A         0
                reset_vec                             0        0        2         0
                text16                              29B      29B        9         0
                text15                              171      171       39         0
                text13                              2B2      2B2        6         0
                text12                              226      226       15         0
                text11                               58       58       90         0
                text10                              211      211       15         0
                text9                               2C4      2C4        4         0
                text8                               24E      24E       12         0
                text7                               2C0      2C0        4         0
                text6                               292      292        9         0
                text5                               1F3      1F3       1E         0
                text4                                E8       E8       89         0
                text3                               2BC      2BC        4         0
                text2                               2AC      2AC        6         0
                text1                               2B8      2B8        4         0
                maintext                            1CF      1CF       24         0
                clrtext                             27D      27D        C         0

        CLASS   STRCODE        
                stringtext6                         2A4      2A4        8         0
                stringtext5                         289      289        9         0
                stringtext4                         26F      26F        E         0
                stringtext3                         260      260        F         0
                stringtext2                         23B      23B       13         0
                stringtext1                         1AA      1AA       25         0

        CLASS   STRING         

        CLASS   CONST          

        CLASS   ENTRY          

        CLASS   COMMON         
                cstackCOMMON                         70       70        6         1
                bssCOMMON                            76       76        4         1

        CLASS   BANK0          
                cstackBANK0                          20       20       26         1
                bssBANK0                             46       46       14         1

        CLASS   BANK1          
                bssBANK1                             A0       A0       20         1

        CLASS   BANK2          

        CLASS   BANK3          

        CLASS   BANK4          

        CLASS   BANK5          

        CLASS   BANK6          

        CLASS   BANK7          

        CLASS   BANK8          

        CLASS   BANK9          

        CLASS   BANK10         

        CLASS   BANK11         

        CLASS   BANK12         

        CLASS   BIGRAM         

        CLASS   RAM            

        CLASS   ABS1           
                abs_s1                               7E       7E        2         1
                abs_s1                              4C0      4C0       30         1
                abs_s1                              520      520       50         1
                abs_s1                              5A0      5A0       50         1
                abs_s1                              620      620       30         1
                abs_s1                             22F0     22F0        0         1

        CLASS   SFR0           

        CLASS   SFR1           

        CLASS   SFR2           

        CLASS   SFR3           

        CLASS   SFR4           

        CLASS   SFR5           

        CLASS   SFR6           

        CLASS   SFR7           

        CLASS   SFR8           

        CLASS   SFR9           

        CLASS   SFR10          

        CLASS   SFR11          

        CLASS   SFR12          

        CLASS   SFR13          

        CLASS   SFR14          

        CLASS   SFR15          

        CLASS   SFR16          

        CLASS   SFR17          

        CLASS   SFR18          

        CLASS   SFR19          

        CLASS   SFR20          

        CLASS   SFR21          

        CLASS   SFR22          

        CLASS   SFR23          

        CLASS   SFR24          

        CLASS   SFR25          

        CLASS   SFR26          

        CLASS   SFR27          

        CLASS   SFR28          

        CLASS   SFR29          

        CLASS   SFR30          

        CLASS   SFR31          

        CLASS   CONFIG         
                config                             8007     8007        2         0

        CLASS   IDLOC          

        CLASS   EEDATA         

        CLASS   BANK31         

        CLASS   BANK30         

        CLASS   BANK29         

        CLASS   BANK28         

        CLASS   BANK27         

        CLASS   BANK26         

        CLASS   BANK25         

        CLASS   BANK24         

        CLASS   BANK23         

        CLASS   BANK22         

        CLASS   BANK21         

        CLASS   BANK20         

        CLASS   BANK19         

        CLASS   BANK18         

        CLASS   BANK17         

        CLASS   BANK16         

        CLASS   BANK15         

        CLASS   BANK14         

        CLASS   BANK13         



SEGMENTS        Name                           Load    Length   Top    Selector   Space  Class     Delta

                reset_vec                      000000  000002  000002         0       0  CODE        2
                intentry                       000004  0001A6  0001AA         8       0  CODE        2
                cstackBANK0                    000020  00003A  00005A        20       1  BANK0       1
                cstackCOMMON                   000070  00000A  00007A        70       1  COMMON      1
                bssBANK1                       0000A0  000020  0000C0        A0       1  BANK1       1
                stringtext1                    0001AA  000025  0001CF       354       0  STRCODE     2
                maintext                       0001CF  00006C  00023B       39E       0  CODE        2
                stringtext2                    00023B  000013  00024E       476       0  STRCODE     2
                text8                          00024E  000012  000260       49C       0  CODE        2
                stringtext3                    000260  00001D  00027D       4C0       0  STRCODE     2
                clrtext                        00027D  00000C  000289       4FA       0  CODE        2
                stringtext5                    000289  000009  000292       512       0  STRCODE     2
                text6                          000292  000012  0002A4       524       0  CODE        2
                stringtext6                    0002A4  000008  0002AC       548       0  STRCODE     2
                text2                          0002AC  00001C  0002C8       558       0  CODE        2
                config                         008007  000002  008009     1000E       0  CONFIG      2


UNUSED ADDRESS RANGES

        Name                Unused          Largest block    Delta
        BANK0            0005A-0006F              16           1
        BANK1            000C0-000EF              30           1
        BANK2            00120-0016F              50           1
        BANK3            001A0-001EF              50           1
        BANK4            00220-0026F              50           1
        BANK5            002A0-002EF              50           1
        BANK6            00320-0036F              50           1
        BANK7            003A0-003EF              50           1
        BANK8            00420-0046F              50           1
        BANK9            004A0-004BF              20           1
        BIGRAM           02000-023EF             3F0           1
        CODE             00002-00003               2           2
                         002C8-01FFF             800
        COMMON           0007A-0007D               4           1
        CONST            00002-00003               2           2
                         002C8-01FFF             100
        EEDATA           0F000-0F0FF             100           2
        ENTRY            00002-00003               2           2
                         002C8-01FFF             100
        IDLOC            08000-08003               4           2
        RAM              0005A-0006F              16           1
                         000C0-000EF              30
                         00120-0016F              50
                         001A0-001EF              50
                         00220-0026F              50
                         002A0-002EF              50
                         00320-0036F              50
                         003A0-003EF              50
                         00420-0046F              50
                         004A0-004BF              20
        SFR0             00000-0001F              20           1
        SFR1             00080-0009F              20           1
        SFR10            00500-0051F              20           1
        SFR11            00580-0059F              20           1
        SFR12            00600-0061F              20           1
        SFR13            00680-006EF              70           1
        SFR14            00700-0076F              70           1
        SFR15            00780-007EF              70           1
        SFR16            00800-0086F              70           1
        SFR17            00880-008EF              70           1
        SFR18            00900-0096F              70           1
        SFR19            00980-009EF              70           1
        SFR2             00100-0011F              20           1
        SFR20            00A00-00A6F              70           1
        SFR21            00A80-00AEF              70           1
        SFR22            00B00-00B6F              70           1
        SFR23            00B80-00BEF              70           1
        SFR24            00C00-00C6F              70           1
        SFR25            00C80-00CEF              70           1
        SFR26            00D00-00D6F              70           1
        SFR27            00D80-00DEF              70           1
        SFR28            00E00-00E6F              70           1
        SFR29            00E80-00EEF              70           1
        SFR3             00180-0019F              20           1
        SFR30            00F00-00F6F              70           1
        SFR31            00F80-00FEF              70           1
        SFR4             00200-0021F              20           1
        SFR5             00280-0029F              20           1
        SFR6             00300-0031F              20           1
        SFR7             00380-0039F              20           1
        SFR8             00400-0041F              20           1
        SFR9             00480-0049F              20           1
        STACK            02070-022EF             280           1
        STRCODE          00002-00003               2           2
                         002C8-01FFF            1D38
        STRING           00002-00003               2           2
                         002C8-01FFF             100

                                  Symbol Table

?_fifoRead                 cstackCOMMON 00071
UARTTx@sendString          cstackCOMMON 00073
UARTprocess@i              cstackBANK0  00043
UARTprocess@receivePtr     cstackBANK0  00044
UARTprocess@receivedString cstackBANK0  00022
_BRG16                     (abs)        00CFB
_BRGH                      (abs)        00CF2
_CREN                      (abs)        00CEC
_GIE                       (abs)        0005F
_InterruptInit             text13       002B2
_LATCbits                  (abs)        0010E
_LEDProcess                text11       00058
_LEDinit                   text10       00211
_OPTION_REG                (abs)        00095
_OSCCON                    (abs)        00099
_PEIE                      (abs)        0005E
_RCIE                      (abs)        0048D
_RCIF                      (abs)        0008D
_RCREG                     (abs)        00199
_RXDTSEL                   (abs)        008EF
_SPBRGH                    (abs)        0019C
_SPBRGL                    (abs)        0019B
_SPEN                      (abs)        00CEF
_SYNC                      (abs)        00CF4
_TMR0IE                    (abs)        0005D
_TMR0IF                    (abs)        0005A
_TRISA                     (abs)        0008C
_TRISB                     (abs)        0008D
_TRISCbits                 (abs)        0008E
_TRMT                      (abs)        00CF1
_TXCKSEL                   (abs)        008EA
_TXEN                      (abs)        00CF5
_TXREG                     (abs)        0019A
_Timer0Init                text9        002C4
_UARTTx                    text12       00226
_UARTinit                  text8        0024E
_UARTprocess               text4        000E8
_WDTCON                    (abs)        00097
__CFG_BOREN$OFF            (abs)        00000
__CFG_BORV$LO              (abs)        00000
__CFG_CLKOUTEN$ON          (abs)        00000
__CFG_CP$OFF               (abs)        00000
__CFG_CPD$OFF              (abs)        00000
__CFG_FCMEN$OFF            (abs)        00000
__CFG_FOSC$INTOSC          (abs)        00000
__CFG_IESO$OFF             (abs)        00000
__CFG_LVP$ON               (abs)        00000
__CFG_MCLRE$OFF            (abs)        00000
__CFG_PLLEN$OFF            (abs)        00000
__CFG_PWRTE$OFF            (abs)        00000
__CFG_STVREN$OFF           (abs)        00000
__CFG_WDTE$ON              (abs)        00000
__CFG_WRT$OFF              (abs)        00000
__Habs1                    abs1         00000
__Hbank0                   bank0        00000
__Hbank1                   bank1        00000
__Hbank10                  bank10       00000
__Hbank11                  bank11       00000
__Hbank12                  bank12       00000
__Hbank13                  bank13       00000
__Hbank14                  bank14       00000
__Hbank15                  bank15       00000
__Hbank16                  bank16       00000
__Hbank17                  bank17       00000
__Hbank18                  bank18       00000
__Hbank19                  bank19       00000
__Hbank2                   bank2        00000
__Hbank20                  bank20       00000
__Hbank21                  bank21       00000
__Hbank22                  bank22       00000
__Hbank23                  bank23       00000
__Hbank24                  bank24       00000
__Hbank25                  bank25       00000
__Hbank26                  bank26       00000
__Hbank27                  bank27       00000
__Hbank28                  bank28       00000
__Hbank29                  bank29       00000
__Hbank3                   bank3        00000
__Hbank30                  bank30       00000
__Hbank31                  bank31       00000
__Hbank4                   bank4        00000
__Hbank5                   bank5        00000
__Hbank6                   bank6        00000
__Hbank7                   bank7        00000
__Hbank8                   bank8        00000
__Hbank9                   bank9        00000
__Hbigram                  bigram       00000
__HbssBANK0                bssBANK0     00000
__HbssBANK1                bssBANK1     00000
__HbssCOMMON               bssCOMMON    00000
__Hcinit                   cinit        00058
__Hclrtext                 clrtext      00000
__Hcode                    code         00000
__Hcommon                  common       00000
__Hconfig                  config       08009
__HcstackBANK0             cstackBANK0  00000
__HcstackCOMMON            cstackCOMMON 00000
__Heeprom_data             eeprom_data  00000
__Hend_init                end_init     00030
__Hfunctab                 functab      00000
__Hidloc                   idloc        00000
__Hinit                    init         0002E
__Hintentry                intentry     0002E
__Hmaintext                maintext     00000
__Hpowerup                 powerup      00000
__Hram                     ram          00000
__Hreset_vec               reset_vec    00002
__Hsfr0                    sfr0         00000
__Hsfr1                    sfr1         00000
__Hsfr10                   sfr10        00000
__Hsfr11                   sfr11        00000
__Hsfr12                   sfr12        00000
__Hsfr13                   sfr13        00000
__Hsfr14                   sfr14        00000
__Hsfr15                   sfr15        00000
__Hsfr16                   sfr16        00000
__Hsfr17                   sfr17        00000
__Hsfr18                   sfr18        00000
__Hsfr19                   sfr19        00000
__Hsfr2                    sfr2         00000
__Hsfr20                   sfr20        00000
__Hsfr21                   sfr21        00000
__Hsfr22                   sfr22        00000
__Hsfr23                   sfr23        00000
__Hsfr24                   sfr24        00000
__Hsfr25                   sfr25        00000
__Hsfr26                   sfr26        00000
__Hsfr27                   sfr27        00000
__Hsfr28                   sfr28        00000
__Hsfr29                   sfr29        00000
__Hsfr3                    sfr3         00000
__Hsfr30                   sfr30        00000
__Hsfr31                   sfr31        00000
__Hsfr4                    sfr4         00000
__Hsfr5                    sfr5         00000
__Hsfr6                    sfr6         00000
__Hsfr7                    sfr7         00000
__Hsfr8                    sfr8         00000
__Hsfr9                    sfr9         00000
__Hspace_0                 (abs)        08009
__Hspace_1                 (abs)        000C0
__Hspace_2                 (abs)        00000
__Hspace_3                 (abs)        00000
__Hstack                   stack        00000
__Hstrings                 strings      00000
__Hstringtext1             stringtext1  00000
__Hstringtext2             stringtext2  00000
__Hstringtext3             stringtext3  00000
__Hstringtext4             stringtext4  00000
__Hstringtext5             stringtext5  00000
__Hstringtext6             stringtext6  00000
__Hstringtext7             stringtext7  00000
__Htext                    text         00000
__Labs1                    abs1         00000
__Lbank0                   bank0        00000
__Lbank1                   bank1        00000
__Lbank10                  bank10       00000
__Lbank11                  bank11       00000
__Lbank12                  bank12       00000
__Lbank13                  bank13       00000
__Lbank14                  bank14       00000
__Lbank15                  bank15       00000
__Lbank16                  bank16       00000
__Lbank17                  bank17       00000
__Lbank18                  bank18       00000
__Lbank19                  bank19       00000
__Lbank2                   bank2        00000
__Lbank20                  bank20       00000
__Lbank21                  bank21       00000
__Lbank22                  bank22       00000
__Lbank23                  bank23       00000
__Lbank24                  bank24       00000
__Lbank25                  bank25       00000
__Lbank26                  bank26       00000
__Lbank27                  bank27       00000
__Lbank28                  bank28       00000
__Lbank29                  bank29       00000
__Lbank3                   bank3        00000
__Lbank30                  bank30       00000
__Lbank31                  bank31       00000
__Lbank4                   bank4        00000
__Lbank5                   bank5        00000
__Lbank6                   bank6        00000
__Lbank7                   bank7        00000
__Lbank8                   bank8        00000
__Lbank9                   bank9        00000
__Lbigram                  bigram       00000
__LbssBANK0                bssBANK0     00000
__LbssBANK1                bssBANK1     00000
__LbssCOMMON               bssCOMMON    00000
__Lcinit                   cinit        00030
__Lclrtext                 clrtext      00000
__Lcode                    code         00000
__Lcommon                  common       00000
__Lconfig                  config       08007
__LcstackBANK0             cstackBANK0  00000
__LcstackCOMMON            cstackCOMMON 00000
__Leeprom_data             eeprom_data  00000
__Lend_init                end_init     0002E
__Lfunctab                 functab      00000
__Lidloc                   idloc        00000
__Linit                    init         0002E
__Lintentry                intentry     00004
__Lmaintext                maintext     00000
__Lpowerup                 powerup      00000
__Lram                     ram          00000
__Lreset_vec               reset_vec    00000
__Lsfr0                    sfr0         00000
__Lsfr1                    sfr1         00000
__Lsfr10                   sfr10        00000
__Lsfr11                   sfr11        00000
__Lsfr12                   sfr12        00000
__Lsfr13                   sfr13        00000
__Lsfr14                   sfr14        00000
__Lsfr15                   sfr15        00000
__Lsfr16                   sfr16        00000
__Lsfr17                   sfr17        00000
__Lsfr18                   sfr18        00000
__Lsfr19                   sfr19        00000
__Lsfr2                    sfr2         00000
__Lsfr20                   sfr20        00000
__Lsfr21                   sfr21        00000
__Lsfr22                   sfr22        00000
__Lsfr23                   sfr23        00000
__Lsfr24                   sfr24        00000
__Lsfr25                   sfr25        00000
__Lsfr26                   sfr26        00000
__Lsfr27                   sfr27        00000
__Lsfr28                   sfr28        00000
__Lsfr29                   sfr29        00000
__Lsfr3                    sfr3         00000
__Lsfr30                   sfr30        00000
__Lsfr31                   sfr31        00000
__Lsfr4                    sfr4         00000
__Lsfr5                    sfr5         00000
__Lsfr6                    sfr6         00000
__Lsfr7                    sfr7         00000
__Lsfr8                    sfr8         00000
__Lsfr9                    sfr9         00000
__Lspace_0                 (abs)        00000
__Lspace_1                 (abs)        00000
__Lspace_2                 (abs)        00000
__Lspace_3                 (abs)        00000
__Lstack                   stack        00000
__Lstrings                 strings      00000
__Lstringtext1             stringtext1  00000
__Lstringtext2             stringtext2  00000
__Lstringtext3             stringtext3  00000
__Lstringtext4             stringtext4  00000
__Lstringtext5             stringtext5  00000
__Lstringtext6             stringtext6  00000
__Lstringtext7             stringtext7  00000
__Ltext                    text         00000
__S0                       (abs)        08009
__S1                       (abs)        000C0
__S2                       (abs)        00000
__S3                       (abs)        00000
___int_sp                  stack        00000
___latbits                 (abs)        00002
___sp                      stack        00000
___stackhi                 (abs)        022EF
___stacklo                 (abs)        02070
__end_of_InterruptInit     text13       002B8
__end_of_LEDProcess        text11       000E8
__end_of_LEDinit           text10       00226
__end_of_Timer0Init        text9        002C8
__end_of_UARTTx            text12       0023B
__end_of_UARTinit          text8        00260
__end_of_UARTprocess       text4        00171
__end_of__initialization   cinit        00054
__end_of_checkUartEmpty    text6        0029B
__end_of_checkUartFull     text16       002A4
__end_of_fifoPurge         text7        002C4
__end_of_fifoRead          text5        00211
__end_of_fifoWrite         text15       001AA
__end_of_main              maintext     001F3
__end_of_oscillatorInit    text3        002C0
__end_of_portInit          text2        002B2
__end_of_timer0Interrupt   intentry     0002E
__end_of_watchDogInit      text1        002BC
__initialization           cinit        00030
__pbssBANK0                bssBANK0     00046
__pbssBANK1                bssBANK1     000A0
__pbssBIGRAM               (abs)        022F0
__pbssCOMMON               bssCOMMON    00076
__pcstackBANK0             cstackBANK0  00020
__pcstackCOMMON            cstackCOMMON 00070
__pintentry                intentry     00004
__pmaintext                maintext     001CF
__pstringtext1             stringtext1  001AA
__pstringtext2             stringtext2  0023B
__pstringtext3             stringtext3  00260
__pstringtext4             stringtext4  0026F
__pstringtext5             stringtext5  00289
__pstringtext6             stringtext6  002A4
__pstringtext7             stringtext7  00000
__ptext1                   text1        002B8
__ptext10                  text10       00211
__ptext11                  text11       00058
__ptext12                  text12       00226
__ptext13                  text13       002B2
__ptext15                  text15       00171
__ptext16                  text16       0029B
__ptext2                   text2        002AC
__ptext3                   text3        002BC
__ptext4                   text4        000E8
__ptext5                   text5        001F3
__ptext6                   text6        00292
__ptext7                   text7        002C0
__ptext8                   text8        0024E
__ptext9                   text9        002C4
__size_of_InterruptInit    (abs)        00000
__size_of_LEDProcess       (abs)        00000
__size_of_LEDinit          (abs)        00000
__size_of_Timer0Init       (abs)        00000
__size_of_UARTTx           (abs)        00000
__size_of_UARTinit         (abs)        00000
__size_of_UARTprocess      (abs)        00000
__size_of_checkUartEmpty   (abs)        00000
__size_of_checkUartFull    (abs)        00000
__size_of_fifoPurge        (abs)        00000
__size_of_fifoRead         (abs)        00000
__size_of_fifoWrite        (abs)        00000
__size_of_main             (abs)        00000
__size_of_oscillatorInit   (abs)        00000
__size_of_portInit         (abs)        00000
__size_of_timer0Interrupt  (abs)        00000
__size_of_watchDogInit     (abs)        00000
_checkUartEmpty            text6        00292
_checkUartFull             text16       0029B
_fifoHead                  bssBANK0     00056
_fifoPurge                 text7        002C0
_fifoRead                  text5        001F3
_fifoTail                  bssBANK0     00055
_fifoWrite                 text15       00171
_ledData                   bssBANK0     00046
_main                      maintext     001CF
_milliSec                  bssCOMMON    00076
_oscillatorInit            text3        002BC
_portInit                  text2        002AC
_sec                       bssBANK0     0004F
_secCounter                bssBANK0     00053
_timer0Interrupt           intentry     00004
_uData                     bssBANK0     00059
_uartFifoBuff              (abs)        022F0
_uartRX                    bssBANK0     00057
_watchDogInit              text1        002B8
btemp                      (abs)        0007E
clear_ram0                 clrtext      0027D
end_of_initialization      cinit        00054
fifoRead@returnIndex       cstackCOMMON 00075
fifoWrite@letter           cstackCOMMON 00072
int$flags                  (abs)        0007E
intlevel0                  functab      00000
intlevel1                  functab      00000
intlevel2                  functab      00000
intlevel3                  functab      00000
intlevel4                  functab      00000
intlevel5                  functab      00000
reset_vec                  reset_vec    00000
start                      init         0002E
start_initialization       cinit        00030
wtemp0                     (abs)        0007E


FUNCTION INFORMATION:

 *************** function _main *****************
 Defined at:
		line 34 in file "main.c"
 Parameters:    Size  Location     Type
		None
 Auto vars:     Size  Location     Type
		None
 Return value:  Size  Location     Type
                  2   30[None  ] int 
 Registers used:
		wreg, fsr0l, fsr0h, fsr1l, fsr1h, status,2, status,0, pclath, cstack
 Tracked objects:
		On entry : 
		On exit  : 
		Unchanged: 
 Data sizes:     COMMON   BANK0   BANK1   BANK2   BANK3   BANK4   BANK5   BANK6   BANK7   BANK8   BANK9  BANK10  BANK11  BANK12
      Params:         0       0       0       0       0       0       0       0       0       0       0       0       0       0
      Locals:         0       0       0       0       0       0       0       0       0       0       0       0       0       0
      Temps:          0       0       0       0       0       0       0       0       0       0       0       0       0       0
      Totals:         0       0       0       0       0       0       0       0       0       0       0       0       0       0
Total ram usage:        0 bytes
 Hardware stack levels required when called:    6
 This function calls:
		_InterruptInit
		_LEDProcess
		_LEDinit
		_Timer0Init
		_UARTTx
		_UARTinit
		_UARTprocess
		_oscillatorInit
		_portInit
		_watchDogInit
 This function is called by:
		Startup code after reset
 This function uses a non-reentrant model


 *************** function _watchDogInit *****************
 Defined at:
		line 4 in file "WatchDog.c"
 Parameters:    Size  Location     Type
		None
 Auto vars:     Size  Location     Type
		None
 Return value:  Size  Location     Type
                  1    wreg      void 
 Registers used:
		wreg
 Tracked objects:
		On entry : 
		On exit  : 
		Unchanged: 
 Data sizes:     COMMON   BANK0   BANK1   BANK2   BANK3   BANK4   BANK5   BANK6   BANK7   BANK8   BANK9  BANK10  BANK11  BANK12
      Params:         0       0       0       0       0       0       0       0       0       0       0       0       0       0
      Locals:         0       0       0       0       0       0       0       0       0       0       0       0       0       0
      Temps:          0       0       0       0       0       0       0       0       0       0       0       0       0       0
      Totals:         0       0       0       0       0       0       0       0       0       0       0       0       0       0
Total ram usage:        0 bytes
 Hardware stack levels used:    1
 Hardware stack levels required when called:    3
 This function calls:
		Nothing
 This function is called by:
		_main
 This function uses a non-reentrant model


 *************** function _portInit *****************
 Defined at:
		line 4 in file "PortInit.c"
 Parameters:    Size  Location     Type
		None
 Auto vars:     Size  Location     Type
		None
 Return value:  Size  Location     Type
                  1    wreg      void 
 Registers used:
		status,2
 Tracked objects:
		On entry : 
		On exit  : 
		Unchanged: 
 Data sizes:     COMMON   BANK0   BANK1   BANK2   BANK3   BANK4   BANK5   BANK6   BANK7   BANK8   BANK9  BANK10  BANK11  BANK12
      Params:         0       0       0       0       0       0       0       0       0       0       0       0       0       0
      Locals:         0       0       0       0       0       0       0       0       0       0       0       0       0       0
      Temps:          0       0       0       0       0       0       0       0       0       0       0       0       0       0
      Totals:         0       0       0       0       0       0       0       0       0       0       0       0       0       0
Total ram usage:        0 bytes
 Hardware stack levels used:    1
 Hardware stack levels required when called:    3
 This function calls:
		Nothing
 This function is called by:
		_main
 This function uses a non-reentrant model


 *************** function _oscillatorInit *****************
 Defined at:
		line 4 in file "oscillatorInit.c"
 Parameters:    Size  Location     Type
		None
 Auto vars:     Size  Location     Type
		None
 Return value:  Size  Location     Type
                  1    wreg      void 
 Registers used:
		wreg
 Tracked objects:
		On entry : 
		On exit  : 
		Unchanged: 
 Data sizes:     COMMON   BANK0   BANK1   BANK2   BANK3   BANK4   BANK5   BANK6   BANK7   BANK8   BANK9  BANK10  BANK11  BANK12
      Params:         0       0       0       0       0       0       0       0       0       0       0       0       0       0
      Locals:         0       0       0       0       0       0       0       0       0       0       0       0       0       0
      Temps:          0       0       0       0       0       0       0       0       0       0       0       0       0       0
      Totals:         0       0       0       0       0       0       0       0       0       0       0       0       0       0
Total ram usage:        0 bytes
 Hardware stack levels used:    1
 Hardware stack levels required when called:    3
 This function calls:
		Nothing
 This function is called by:
		_main
 This function uses a non-reentrant model


 *************** function _UARTprocess *****************
 Defined at:
		line 29 in file "UART.c"
 Parameters:    Size  Location     Type
		None
 Auto vars:     Size  Location     Type
  receivedStri   32    2[BANK0 ] unsigned char [32]
  receivePtr      2   36[BANK0 ] PTR unsigned char 
		 -> uartFifoBuff(256), NULL(0), 
  i               1   35[BANK0 ] unsigned char 
  actionStatus    1    0        unsigned char 
 Return value:  Size  Location     Type
                  1    wreg      void 
 Registers used:
		wreg, fsr0l, fsr0h, fsr1l, fsr1h, status,2, status,0, pclath, cstack
 Tracked objects:
		On entry : 
		On exit  : 
		Unchanged: 
 Data sizes:     COMMON   BANK0   BANK1   BANK2   BANK3   BANK4   BANK5   BANK6   BANK7   BANK8   BANK9  BANK10  BANK11  BANK12
      Params:         0       0       0       0       0       0       0       0       0       0       0       0       0       0
      Locals:         0      36       0       0       0       0       0       0       0       0       0       0       0       0
      Temps:          0       2       0       0       0       0       0       0       0       0       0       0       0       0
      Totals:         0      38       0       0       0       0       0       0       0       0       0       0       0       0
Total ram usage:       38 bytes
 Hardware stack levels used:    1
 Hardware stack levels required when called:    5
 This function calls:
		_UARTTx
		_checkUartEmpty
		_fifoPurge
		_fifoRead
 This function is called by:
		_main
 This function uses a non-reentrant model


 *************** function _fifoRead *****************
 Defined at:
		line 114 in file "UART.c"
 Parameters:    Size  Location     Type
		None
 Auto vars:     Size  Location     Type
  returnIndex     1    5[COMMON] unsigned char 
 Return value:  Size  Location     Type
                  2    1[COMMON] PTR unsigned char 
 Registers used:
		wreg, status,2, status,0, pclath, cstack
 Tracked objects:
		On entry : 
		On exit  : 
		Unchanged: 
 Data sizes:     COMMON   BANK0   BANK1   BANK2   BANK3   BANK4   BANK5   BANK6   BANK7   BANK8   BANK9  BANK10  BANK11  BANK12
      Params:         0       0       0       0       0       0       0       0       0       0       0       0       0       0
      Locals:         1       0       0       0       0       0       0       0       0       0       0       0       0       0
      Temps:          2       0       0       0       0       0       0       0       0       0       0       0       0       0
      Totals:         3       0       0       0       0       0       0       0       0       0       0       0       0       0
Total ram usage:        3 bytes
 Hardware stack levels used:    1
 Hardware stack levels required when called:    4
 This function calls:
		_checkUartEmpty
 This function is called by:
		_UARTprocess
 This function uses a non-reentrant model


 *************** function _checkUartEmpty *****************
 Defined at:
		line 141 in file "UART.c"
 Parameters:    Size  Location     Type
		None
 Auto vars:     Size  Location     Type
		None
 Return value:  Size  Location     Type
                  1    wreg      unsigned char 
 Registers used:
		wreg
 Tracked objects:
		On entry : 
		On exit  : 
		Unchanged: 
 Data sizes:     COMMON   BANK0   BANK1   BANK2   BANK3   BANK4   BANK5   BANK6   BANK7   BANK8   BANK9  BANK10  BANK11  BANK12
      Params:         0       0       0       0       0       0       0       0       0       0       0       0       0       0
      Locals:         0       0       0       0       0       0       0       0       0       0       0       0       0       0
      Temps:          0       0       0       0       0       0       0       0       0       0       0       0       0       0
      Totals:         0       0       0       0       0       0       0       0       0       0       0       0       0       0
Total ram usage:        0 bytes
 Hardware stack levels used:    1
 Hardware stack levels required when called:    3
 This function calls:
		Nothing
 This function is called by:
		_UARTprocess
		_fifoRead
 This function uses a non-reentrant model


 *************** function _fifoPurge *****************
 Defined at:
		line 153 in file "UART.c"
 Parameters:    Size  Location     Type
		None
 Auto vars:     Size  Location     Type
		None
 Return value:  Size  Location     Type
                  1    wreg      void 
 Registers used:
		status,2
 Tracked objects:
		On entry : 
		On exit  : 
		Unchanged: 
 Data sizes:     COMMON   BANK0   BANK1   BANK2   BANK3   BANK4   BANK5   BANK6   BANK7   BANK8   BANK9  BANK10  BANK11  BANK12
      Params:         0       0       0       0       0       0       0       0       0       0       0       0       0       0
      Locals:         0       0       0       0       0       0       0       0       0       0       0       0       0       0
      Temps:          0       0       0       0       0       0       0       0       0       0       0       0       0       0
      Totals:         0       0       0       0       0       0       0       0       0       0       0       0       0       0
Total ram usage:        0 bytes
 Hardware stack levels used:    1
 Hardware stack levels required when called:    3
 This function calls:
		Nothing
 This function is called by:
		_UARTprocess
 This function uses a non-reentrant model


 *************** function _UARTinit *****************
 Defined at:
		line 10 in file "UART.c"
 Parameters:    Size  Location     Type
		None
 Auto vars:     Size  Location     Type
		None
 Return value:  Size  Location     Type
                  1    wreg      void 
 Registers used:
		wreg, status,2
 Tracked objects:
		On entry : 
		On exit  : 
		Unchanged: 
 Data sizes:     COMMON   BANK0   BANK1   BANK2   BANK3   BANK4   BANK5   BANK6   BANK7   BANK8   BANK9  BANK10  BANK11  BANK12
      Params:         0       0       0       0       0       0       0       0       0       0       0       0       0       0
      Locals:         0       0       0       0       0       0       0       0       0       0       0       0       0       0
      Temps:          0       0       0       0       0       0       0       0       0       0       0       0       0       0
      Totals:         0       0       0       0       0       0       0       0       0       0       0       0       0       0
Total ram usage:        0 bytes
 Hardware stack levels used:    1
 Hardware stack levels required when called:    3
 This function calls:
		Nothing
 This function is called by:
		_main
 This function uses a non-reentrant model


 *************** function _Timer0Init *****************
 Defined at:
		line 4 in file "Timer.c"
 Parameters:    Size  Location     Type
		None
 Auto vars:     Size  Location     Type
		None
 Return value:  Size  Location     Type
                  1    wreg      void 
 Registers used:
		wreg
 Tracked objects:
		On entry : 
		On exit  : 
		Unchanged: 
 Data sizes:     COMMON   BANK0   BANK1   BANK2   BANK3   BANK4   BANK5   BANK6   BANK7   BANK8   BANK9  BANK10  BANK11  BANK12
      Params:         0       0       0       0       0       0       0       0       0       0       0       0       0       0
      Locals:         0       0       0       0       0       0       0       0       0       0       0       0       0       0
      Temps:          0       0       0       0       0       0       0       0       0       0       0       0       0       0
      Totals:         0       0       0       0       0       0       0       0       0       0       0       0       0       0
Total ram usage:        0 bytes
 Hardware stack levels used:    1
 Hardware stack levels required when called:    3
 This function calls:
		Nothing
 This function is called by:
		_main
 This function uses a non-reentrant model


 *************** function _LEDinit *****************
 Defined at:
		line 52 in file "LEDApplication.c"
 Parameters:    Size  Location     Type
		None
 Auto vars:     Size  Location     Type
		None
 Return value:  Size  Location     Type
                  1    wreg      void 
 Registers used:
		wreg, status,2
 Tracked objects:
		On entry : 
		On exit  : 
		Unchanged: 
 Data sizes:     COMMON   BANK0   BANK1   BANK2   BANK3   BANK4   BANK5   BANK6   BANK7   BANK8   BANK9  BANK10  BANK11  BANK12
      Params:         0       0       0       0       0       0       0       0       0       0       0       0       0       0
      Locals:         0       0       0       0       0       0       0       0       0       0       0       0       0       0
      Temps:          0       0       0       0       0       0       0       0       0       0       0       0       0       0
      Totals:         0       0       0       0       0       0       0       0       0       0       0       0       0       0
Total ram usage:        0 bytes
 Hardware stack levels used:    1
 Hardware stack levels required when called:    3
 This function calls:
		Nothing
 This function is called by:
		_main
 This function uses a non-reentrant model


 *************** function _LEDProcess *****************
 Defined at:
		line 6 in file "LEDApplication.c"
 Parameters:    Size  Location     Type
		None
 Auto vars:     Size  Location     Type
		None
 Return value:  Size  Location     Type
                  1    wreg      void 
 Registers used:
		wreg, fsr0l, fsr0h, status,2, status,0, pclath, cstack
 Tracked objects:
		On entry : 
		On exit  : 
		Unchanged: 
 Data sizes:     COMMON   BANK0   BANK1   BANK2   BANK3   BANK4   BANK5   BANK6   BANK7   BANK8   BANK9  BANK10  BANK11  BANK12
      Params:         0       0       0       0       0       0       0       0       0       0       0       0       0       0
      Locals:         0       0       0       0       0       0       0       0       0       0       0       0       0       0
      Temps:          0       4       0       0       0       0       0       0       0       0       0       0       0       0
      Totals:         0       4       0       0       0       0       0       0       0       0       0       0       0       0
Total ram usage:        4 bytes
 Hardware stack levels used:    1
 Hardware stack levels required when called:    4
 This function calls:
		_UARTTx
 This function is called by:
		_main
 This function uses a non-reentrant model


 *************** function _UARTTx *****************
 Defined at:
		line 79 in file "UART.c"
 Parameters:    Size  Location     Type
  sendString      2    3[COMMON] PTR unsigned char 
		 -> STR_7(15), STR_6(14), STR_5(2), STR_4(19), 
		 -> UARTprocess@receivedString(32), STR_3(8), STR_2(9), STR_1(37), 
 Auto vars:     Size  Location     Type
		None
 Return value:  Size  Location     Type
                  1    wreg      unsigned char 
 Registers used:
		wreg, fsr0l, fsr0h, status,2, status,0, pclath
 Tracked objects:
		On entry : 
		On exit  : 
		Unchanged: 
 Data sizes:     COMMON   BANK0   BANK1   BANK2   BANK3   BANK4   BANK5   BANK6   BANK7   BANK8   BANK9  BANK10  BANK11  BANK12
      Params:         2       0       0       0       0       0       0       0       0       0       0       0       0       0
      Locals:         0       0       0       0       0       0       0       0       0       0       0       0       0       0
      Temps:          1       0       0       0       0       0       0       0       0       0       0       0       0       0
      Totals:         3       0       0       0       0       0       0       0       0       0       0       0       0       0
Total ram usage:        3 bytes
 Hardware stack levels used:    1
 Hardware stack levels required when called:    3
 This function calls:
		Nothing
 This function is called by:
		_main
		_LEDProcess
		_UARTprocess
 This function uses a non-reentrant model


 *************** function _InterruptInit *****************
 Defined at:
		line 32 in file "InterruptHandler.c"
 Parameters:    Size  Location     Type
		None
 Auto vars:     Size  Location     Type
		None
 Return value:  Size  Location     Type
                  1    wreg      void 
 Registers used:
		None
 Tracked objects:
		On entry : 
		On exit  : 
		Unchanged: 
 Data sizes:     COMMON   BANK0   BANK1   BANK2   BANK3   BANK4   BANK5   BANK6   BANK7   BANK8   BANK9  BANK10  BANK11  BANK12
      Params:         0       0       0       0       0       0       0       0       0       0       0       0       0       0
      Locals:         0       0       0       0       0       0       0       0       0       0       0       0       0       0
      Temps:          0       0       0       0       0       0       0       0       0       0       0       0       0       0
      Totals:         0       0       0       0       0       0       0       0       0       0       0       0       0       0
Total ram usage:        0 bytes
 Hardware stack levels used:    1
 Hardware stack levels required when called:    3
 This function calls:
		Nothing
 This function is called by:
		_main
 This function uses a non-reentrant model


 *************** function _timer0Interrupt *****************
 Defined at:
		line 11 in file "InterruptHandler.c"
 Parameters:    Size  Location     Type
		None
 Auto vars:     Size  Location     Type
		None
 Return value:  Size  Location     Type
                  1    wreg      void 
 Registers used:
		wreg, fsr1l, fsr1h, status,2, status,0, pclath, cstack
 Tracked objects:
		On entry : 
		On exit  : 
		Unchanged: 
 Data sizes:     COMMON   BANK0   BANK1   BANK2   BANK3   BANK4   BANK5   BANK6   BANK7   BANK8   BANK9  BANK10  BANK11  BANK12
      Params:         0       0       0       0       0       0       0       0       0       0       0       0       0       0
      Locals:         0       0       0       0       0       0       0       0       0       0       0       0       0       0
      Temps:          0       0       0       0       0       0       0       0       0       0       0       0       0       0
      Totals:         0       0       0       0       0       0       0       0       0       0       0       0       0       0
Total ram usage:        0 bytes
 Hardware stack levels used:    1
 Hardware stack levels required when called:    2
 This function calls:
		_fifoWrite
 This function is called by:
		Interrupt level 1
 This function uses a non-reentrant model


 *************** function _fifoWrite *****************
 Defined at:
		line 90 in file "UART.c"
 Parameters:    Size  Location     Type
		None
 Auto vars:     Size  Location     Type
  letter          1    2[COMMON] unsigned char 
 Return value:  Size  Location     Type
                  1    wreg      unsigned char 
 Registers used:
		wreg, fsr1l, fsr1h, status,2, status,0, pclath, cstack
 Tracked objects:
		On entry : 
		On exit  : 
		Unchanged: 
 Data sizes:     COMMON   BANK0   BANK1   BANK2   BANK3   BANK4   BANK5   BANK6   BANK7   BANK8   BANK9  BANK10  BANK11  BANK12
      Params:         0       0       0       0       0       0       0       0       0       0       0       0       0       0
      Locals:         1       0       0       0       0       0       0       0       0       0       0       0       0       0
      Temps:          2       0       0       0       0       0       0       0       0       0       0       0       0       0
      Totals:         3       0       0       0       0       0       0       0       0       0       0       0       0       0
Total ram usage:        3 bytes
 Hardware stack levels used:    1
 Hardware stack levels required when called:    1
 This function calls:
		_checkUartFull
 This function is called by:
		_timer0Interrupt
 This function uses a non-reentrant model


 *************** function _checkUartFull *****************
 Defined at:
		line 129 in file "UART.c"
 Parameters:    Size  Location     Type
		None
 Auto vars:     Size  Location     Type
		None
 Return value:  Size  Location     Type
                  1    wreg      unsigned char 
 Registers used:
		wreg
 Tracked objects:
		On entry : 
		On exit  : 
		Unchanged: 
 Data sizes:     COMMON   BANK0   BANK1   BANK2   BANK3   BANK4   BANK5   BANK6   BANK7   BANK8   BANK9  BANK10  BANK11  BANK12
      Params:         0       0       0       0       0       0       0       0       0       0       0       0       0       0
      Locals:         0       0       0       0       0       0       0       0       0       0       0       0       0       0
      Temps:          0       0       0       0       0       0       0       0       0       0       0       0       0       0
      Totals:         0       0       0       0       0       0       0       0       0       0       0       0       0       0
Total ram usage:        0 bytes
 Hardware stack levels used:    1
 This function calls:
		Nothing
 This function is called by:
		_fifoWrite
 This function uses a non-reentrant model



MODULE INFORMATION

Module		Function		Class		Link	Load	Size
UART.c
		_UARTprocess   		CODE           	00E8	0000	138
		_UARTinit      		CODE           	024E	0000	19
		_checkUartFull 		CODE           	029B	0000	10
		_fifoWrite     		CODE           	0171	0000	58
		_fifoPurge     		CODE           	02C0	0000	5
		_UARTTx        		CODE           	0226	0000	22
		_checkUartEmpty		CODE           	0292	0000	10
		_fifoRead      		CODE           	01F3	0000	31

UART.c estimated size: 293

Timer.c
		_Timer0Init    		CODE           	02C4	0000	5

Timer.c estimated size: 5

LEDApplication.c
		_LEDProcess    		CODE           	0058	0000	145
		_LEDinit       		CODE           	0211	0000	22

LEDApplication.c estimated size: 167

PortInit.c
		_portInit      		CODE           	02AC	0000	7

PortInit.c estimated size: 7

oscillatorInit.c
		_oscillatorInit		CODE           	02BC	0000	5

oscillatorInit.c estimated size: 5

shared
		__initialization		CODE           	0030	0000	37

shared estimated size: 37

WatchDog.c
		_watchDogInit  		CODE           	02B8	0000	5

WatchDog.c estimated size: 5

main.c
		_main          		CODE           	01CF	0000	37

main.c estimated size: 37

InterruptHandler.c
		_InterruptInit 		CODE           	02B2	0000	7
		_timer0Interrupt		CODE           	0004	0000	43

InterruptHandler.c estimated size: 50

